// Jest Snapshot v1, https://goo.gl/fbAQLP

exports[`generateMemoInstruction should create a Memo Instruction 1`] = `
TransactionInstruction {
  "data": Object {
    "data": Array [
      82,
      81,
      81,
      65,
      65,
      65,
      65,
      65,
      65,
      65,
      65,
      65,
      65,
      65,
      65,
      65,
      65,
      65,
      65,
      65,
      65,
      65,
      65,
      65,
      65,
      65,
      65,
      65,
      65,
      65,
      65,
      65,
      65,
      65,
      65,
      65,
      65,
      65,
      65,
      65,
      65,
      65,
      65,
      61,
    ],
    "type": "Buffer",
  },
  "keys": Array [],
  "programId": "Memo1UhkJRfHyvLMcVucJwxXeuD728EqVDDwQDxFMNo",
}
`;
